// Jest Snapshot v1, https://goo.gl/fbAQLP

exports[`graphqlPath returns a map of paths in a graphql query 1`] = `
"query FooQuery {
  somethingOnRoot
  someResource {
    onSomeResource
    anotherField {
      onAnotherField
      ...Foo
    }
  }
}

fragment Foo on Bar {
  blah
}
"
`;
